../Core/Src/main.c:141:13:build_lut	16	static
../Core/Src/main.c:150:13:uart_send_line	112	static
../Core/Src/main.c:171:14:dbfs_to_gain	24	static
../Core/Src/main.c:185:13:set_level_for_current_freq	8	static
../Core/Src/main.c:195:13:current_ear	4	static
../Core/Src/main.c:208:13:fill_dac_buf	32	static
../Core/Src/main.c:229:13:start_tone	40	static
../Core/Src/main.c:252:13:stop_tone	8	static
../Core/Src/main.c:262:13:pc_audio_set_gain	24	static
../Core/Src/main.c:277:13:send_results	112	static
../Core/Src/main.c:305:5:main	16	static
../Core/Src/main.c:367:6:SystemClock_Config	96	static
../Core/Src/main.c:418:13:MX_DAC1_Init	48	static
../Core/Src/main.c:461:13:MX_TIM2_Init	40	static
../Core/Src/main.c:506:13:MX_TIM4_Init	40	static
../Core/Src/main.c:551:13:MX_USART1_UART_Init	8	static
../Core/Src/main.c:584:13:MX_DMA_Init	16	static
../Core/Src/main.c:602:13:MX_GPIO_Init	40	static
../Core/Src/main.c:649:6:HAL_TIM_PeriodElapsedCallback	32	static
../Core/Src/main.c:716:6:HAL_DAC_ConvHalfCpltCallbackCh1	16	static
../Core/Src/main.c:726:6:HAL_DAC_ConvCpltCallbackCh1	16	static
../Core/Src/main.c:736:6:HAL_GPIO_EXTI_Callback	16	static
../Core/Src/main.c:748:6:Error_Handler	4	static,ignoring_inline_asm
