../Core/Src/main.c:115:13:build_lut	16	static
../Core/Src/main.c:124:13:uart_send_line	112	static
../Core/Src/main.c:153:13:fill_dac_buf	32	static
../Core/Src/main.c:174:13:start_tone	32	static
../Core/Src/main.c:197:13:stop_tone	8	static
../Core/Src/main.c:207:13:pc_audio_set_gain	16	static
../Core/Src/main.c:222:13:send_results	104	static
../Core/Src/main.c:244:5:main	8	static
../Core/Src/main.c:305:6:SystemClock_Config	96	static
../Core/Src/main.c:356:13:MX_DAC1_Init	48	static
../Core/Src/main.c:399:13:MX_TIM2_Init	40	static
../Core/Src/main.c:444:13:MX_TIM4_Init	40	static
../Core/Src/main.c:489:13:MX_USART1_UART_Init	8	static
../Core/Src/main.c:522:13:MX_DMA_Init	16	static
../Core/Src/main.c:540:13:MX_GPIO_Init	40	static
../Core/Src/main.c:587:6:HAL_TIM_PeriodElapsedCallback	16	static
../Core/Src/main.c:644:6:HAL_DAC_ConvHalfCpltCallbackCh1	16	static
../Core/Src/main.c:654:6:HAL_DAC_ConvCpltCallbackCh1	16	static
../Core/Src/main.c:664:6:HAL_GPIO_EXTI_Callback	16	static
../Core/Src/main.c:676:6:Error_Handler	4	static,ignoring_inline_asm
